Job 3389028: Running on node(s) serv-3337
Job 3389028: Started at 2026-09-12 20:33:05+0200
Monitor this job here: http://monitoring.pegasus.kl.dfki.de/d/slurm-job-details/job-details?var-jobid=3389028&from=1789237985000
/var/spool/slurm/d/job3389028/slurm_script: 6: source: not found
Loading Parquet dataset...
Dataset: 10,000 samples
Batch size: 64
Image size: (224, 224)

============================================================
Workers: 1
============================================================

Minimal Dataset DataLoader
  repeat 1: 671.7 samples/s (14.86s)
  repeat 2: 670.7 samples/s (14.89s)
  repeat 3: 676.4 samples/s (14.76s)

PyTorch DataLoader
  repeat 1: 462.0 samples/s (21.61s)
  repeat 2: 460.1 samples/s (21.70s)
  repeat 3: 459.6 samples/s (21.72s)

============================================================
Workers: 2
============================================================

Minimal Dataset DataLoader
  repeat 1: 1238.4 samples/s (8.06s)
  repeat 2: 1244.2 samples/s (8.02s)
  repeat 3: 1244.6 samples/s (8.02s)

PyTorch DataLoader
  repeat 1: 908.2 samples/s (10.99s)
  repeat 2: 905.9 samples/s (11.02s)
  repeat 3: 916.4 samples/s (10.90s)

============================================================
Workers: 4
============================================================

Minimal Dataset DataLoader
  repeat 1: 1750.6 samples/s (5.70s)
  repeat 2: 1727.5 samples/s (5.78s)
  repeat 3: 1780.3 samples/s (5.61s)

PyTorch DataLoader
  repeat 1: 1669.6 samples/s (5.98s)
  repeat 2: 1705.4 samples/s (5.85s)
  repeat 3: 1734.8 samples/s (5.76s)

============================================================
Workers: 8
============================================================

Minimal Dataset DataLoader
  repeat 1: 1767.6 samples/s (5.65s)
  repeat 2: 1748.7 samples/s (5.71s)
  repeat 3: 1786.8 samples/s (5.59s)

PyTorch DataLoader
  repeat 1: 2750.2 samples/s (3.63s)
  repeat 2: 2768.1 samples/s (3.61s)
  repeat 3: 2814.7 samples/s (3.55s)

============================================================
Workers: 16
============================================================

Minimal Dataset DataLoader
  repeat 1: 1786.6 samples/s (5.59s)
  repeat 2: 1760.6 samples/s (5.67s)
  repeat 3: 1687.4 samples/s (5.92s)

PyTorch DataLoader
  repeat 1: 2946.6 samples/s (3.39s)
  repeat 2: 2962.2 samples/s (3.37s)
  repeat 3: 2912.4 samples/s (3.43s)

============================================================
Workers: 32
============================================================

Minimal Dataset DataLoader
  repeat 1: 1753.0 samples/s (5.70s)
  repeat 2: 1702.4 samples/s (5.86s)
  repeat 3: 1708.4 samples/s (5.84s)

PyTorch DataLoader
  repeat 1: 2240.5 samples/s (4.46s)
  repeat 2: 2275.0 samples/s (4.39s)
  repeat 3: 2200.9 samples/s (4.54s)


========================================================================
FINAL RESULTS
========================================================================
Workers                PyTorch     Minimal Dataset        Speedup
1                     460.6 s/s            672.9 s/s          1.46x
2                     910.2 s/s           1242.4 s/s          1.37x
4                    1703.3 s/s           1752.8 s/s          1.03x
8                    2777.7 s/s           1767.7 s/s          0.64x
16                   2940.4 s/s           1744.9 s/s          0.59x
32                   2238.8 s/s           1721.3 s/s          0.77x
