Job 3397039: Running on node(s) serv-3336
Job 3397039: Started at 2026-09-14 11:20:40+0200
Monitor this job here: http://monitoring.pegasus.kl.dfki.de/d/slurm-job-details/job-details?var-jobid=3397039&from=1789377640000
Loading Parquet dataset...
Dataset: 10,000 samples
Batch size: 64
Image size: (64, 64)

============================================================
Workers: 1
============================================================

Minimal Dataset DataLoader
  repeat 1: 701.2 samples/s (14.24s)
  repeat 2: 772.4 samples/s (12.93s)
  repeat 3: 700.6 samples/s (14.25s)

PyTorch DataLoader
  repeat 1: 733.2 samples/s (13.62s)
  repeat 2: 732.1 samples/s (13.64s)
  repeat 3: 737.8 samples/s (13.53s)

============================================================
Workers: 2
============================================================

Minimal Dataset DataLoader
  repeat 1: 1284.9 samples/s (7.77s)
  repeat 2: 1284.7 samples/s (7.77s)
  repeat 3: 1279.6 samples/s (7.80s)

PyTorch DataLoader
  repeat 1: 1450.9 samples/s (6.88s)
  repeat 2: 1458.1 samples/s (6.85s)
  repeat 3: 1446.2 samples/s (6.90s)

============================================================
Workers: 4
============================================================

Minimal Dataset DataLoader
  repeat 1: 2233.2 samples/s (4.47s)
  repeat 2: 2233.9 samples/s (4.47s)
  repeat 3: 2243.9 samples/s (4.45s)

PyTorch DataLoader
  repeat 1: 2885.9 samples/s (3.46s)
  repeat 2: 2885.4 samples/s (3.46s)
  repeat 3: 2877.9 samples/s (3.47s)

============================================================
Workers: 8
============================================================

Minimal Dataset DataLoader
  repeat 1: 3494.2 samples/s (2.86s)
  repeat 2: 3554.5 samples/s (2.81s)
  repeat 3: 3559.8 samples/s (2.80s)

PyTorch DataLoader
  repeat 1: 5144.7 samples/s (1.94s)
  repeat 2: 5590.3 samples/s (1.79s)
  repeat 3: 5647.2 samples/s (1.77s)

============================================================
Workers: 16
============================================================

Minimal Dataset DataLoader
  repeat 1: 3626.5 samples/s (2.75s)
  repeat 2: 3593.9 samples/s (2.78s)
  repeat 3: 3624.1 samples/s (2.75s)

PyTorch DataLoader
  repeat 1: 6703.8 samples/s (1.49s)
  repeat 2: 7078.5 samples/s (1.41s)
  repeat 3: 7177.6 samples/s (1.39s)

============================================================
Workers: 32
============================================================

Minimal Dataset DataLoader
  repeat 1: 3434.1 samples/s (2.91s)
  repeat 2: 3423.7 samples/s (2.92s)
  repeat 3: 3454.5 samples/s (2.89s)

PyTorch DataLoader
  repeat 1: 5978.4 samples/s (1.67s)
  repeat 2: 5903.7 samples/s (1.69s)
  repeat 3: 5828.6 samples/s (1.71s)


========================================================================
FINAL RESULTS
========================================================================
Workers                PyTorch     Minimal Dataset        Speedup
1                     734.3 s/s            724.8 s/s          0.99x
2                    1451.7 s/s           1283.0 s/s          0.88x
4                    2883.1 s/s           2237.0 s/s          0.78x
8                    5460.7 s/s           3536.2 s/s          0.65x
16                   6986.6 s/s           3614.8 s/s          0.52x
32                   5903.6 s/s           3437.5 s/s          0.58x
