Job 3389059: Running on node(s) serv-3337
Job 3389059: Started at 2026-09-12 21:00:37+0200
Monitor this job here: http://monitoring.pegasus.kl.dfki.de/d/slurm-job-details/job-details?var-jobid=3389059&from=1789239637000
Loading Parquet dataset...
Dataset: 10,000 samples
Batch size: 64
Image size: (64, 64)

============================================================
Workers: 1
============================================================

Minimal Dataset DataLoader
  repeat 1: 806.4 samples/s (12.38s)
  repeat 2: 806.7 samples/s (12.38s)
  repeat 3: 807.7 samples/s (12.36s)

PyTorch DataLoader
  repeat 1: 858.1 samples/s (11.63s)
  repeat 2: 851.8 samples/s (11.72s)
  repeat 3: 858.9 samples/s (11.62s)

============================================================
Workers: 2
============================================================

Minimal Dataset DataLoader
  repeat 1: 1472.1 samples/s (6.78s)
  repeat 2: 1478.5 samples/s (6.75s)
  repeat 3: 1476.6 samples/s (6.76s)

PyTorch DataLoader
  repeat 1: 1692.3 samples/s (5.90s)
  repeat 2: 1688.7 samples/s (5.91s)
  repeat 3: 1689.9 samples/s (5.91s)

============================================================
Workers: 4
============================================================

Minimal Dataset DataLoader
  repeat 1: 2532.3 samples/s (3.94s)
  repeat 2: 2466.5 samples/s (4.05s)
  repeat 3: 2536.0 samples/s (3.94s)

PyTorch DataLoader
  repeat 1: 3128.8 samples/s (3.19s)
  repeat 2: 3259.9 samples/s (3.06s)
  repeat 3: 3211.2 samples/s (3.11s)

============================================================
Workers: 8
============================================================

Minimal Dataset DataLoader
  repeat 1: 3790.4 samples/s (2.63s)
  repeat 2: 3856.5 samples/s (2.59s)
  repeat 3: 3881.2 samples/s (2.57s)

PyTorch DataLoader
  repeat 1: 5443.5 samples/s (1.83s)
  repeat 2: 5676.7 samples/s (1.76s)
  repeat 3: 5493.0 samples/s (1.82s)

============================================================
Workers: 16
============================================================

Minimal Dataset DataLoader
  repeat 1: 3794.7 samples/s (2.63s)
  repeat 2: 3772.8 samples/s (2.65s)
  repeat 3: 3752.4 samples/s (2.66s)

PyTorch DataLoader
  repeat 1: 7292.9 samples/s (1.37s)
  repeat 2: 7057.6 samples/s (1.41s)
  repeat 3: 7331.3 samples/s (1.36s)

============================================================
Workers: 32
============================================================

Minimal Dataset DataLoader
  repeat 1: 3694.0 samples/s (2.70s)
  repeat 2: 3729.4 samples/s (2.68s)
  repeat 3: 3724.4 samples/s (2.68s)

PyTorch DataLoader
  repeat 1: 6205.6 samples/s (1.61s)
  repeat 2: 6407.0 samples/s (1.56s)
  repeat 3: 6423.8 samples/s (1.55s)


========================================================================
FINAL RESULTS
========================================================================
Workers                PyTorch     Minimal Dataset        Speedup
1                     856.3 s/s            806.9 s/s          0.94x
2                    1690.3 s/s           1475.7 s/s          0.87x
4                    3200.0 s/s           2511.6 s/s          0.78x
8                    5537.7 s/s           3842.7 s/s          0.69x
16                   7227.3 s/s           3773.3 s/s          0.52x
32                   6345.5 s/s           3715.9 s/s          0.59x
